// Jest Snapshot v1, https://goo.gl/fbAQLP

exports[`Should match snapshot 1`] = `
<DocumentFragment>
  <div
    class="content"
  >
    <h1>
      Hi here!
    </h1>
  </div>
</DocumentFragment>
`;
