// Jest Snapshot v1, https://goo.gl/fbAQLP

exports[`Should match snapshot 1`] = `
<DocumentFragment>
  <div>
    <h1>
      Home
    </h1>
  </div>
</DocumentFragment>
`;
